OSWrappers.cpp:34:6:static void touchgfx::OSWrappers::initialize()	8	static
OSWrappers.cpp:46:6:static void touchgfx::OSWrappers::takeFrameBufferSemaphore()	0	static
OSWrappers.cpp:54:6:static void touchgfx::OSWrappers::giveFrameBufferSemaphore()	0	static
OSWrappers.cpp:66:6:static void touchgfx::OSWrappers::tryTakeFrameBufferSemaphore()	0	static
OSWrappers.cpp:78:6:static void touchgfx::OSWrappers::giveFrameBufferSemaphoreFromISR()	0	static
OSWrappers.cpp:90:6:static void touchgfx::OSWrappers::signalVSync()	0	static
OSWrappers.cpp:102:6:static void touchgfx::OSWrappers::waitForVSync()	8	static
OSWrappers.cpp:124:6:static void touchgfx::OSWrappers::taskDelay(uint16_t)	0	static
