core_cm7.h:2229:22:SCB_EnableICache	4	static,ignoring_inline_asm
core_cm7.h:2281:22:SCB_EnableDCache	24	static,ignoring_inline_asm
main.c:104:5:main	40	static
main.c:192:6:SystemClock_Config	216	static
main.c:255:13:MX_CRC_Init	8	static
main.c:286:13:MX_DMA2D_Init	8	static
main.c:323:13:MX_I2C3_Init	8	static
main.c:369:13:MX_LTDC_Init	112	static
main.c:450:13:MX_QUADSPI_Init	8	static
main.c:484:13:MX_FMC_Init	40	static
main.c:588:13:MX_GPIO_Init	72	static
main.c:638:6:StartTouchGFXTask	16	static
main.c:652:6:MPU_Config	24	static
main.c:700:6:HAL_TIM_PeriodElapsedCallback	16	static
main.c:717:6:Error_Handler	4	static
