stm32f7xx_hal_msp.c:64:6:HAL_MspInit	16	static
stm32f7xx_hal_msp.c:86:6:HAL_CRC_MspInit	24	static
stm32f7xx_hal_msp.c:108:6:HAL_CRC_MspDeInit	16	static
stm32f7xx_hal_msp.c:130:6:HAL_DMA2D_MspInit	24	static
stm32f7xx_hal_msp.c:155:6:HAL_DMA2D_MspDeInit	16	static
stm32f7xx_hal_msp.c:180:6:HAL_I2C_MspInit	48	static
stm32f7xx_hal_msp.c:216:6:HAL_I2C_MspDeInit	16	static
stm32f7xx_hal_msp.c:247:6:HAL_LTDC_MspInit	64	static
stm32f7xx_hal_msp.c:348:6:HAL_LTDC_MspDeInit	16	static
stm32f7xx_hal_msp.c:417:6:HAL_QSPI_MspInit	56	static
stm32f7xx_hal_msp.c:480:6:HAL_QSPI_MspDeInit	16	static
stm32f7xx_hal_msp.c:513:13:HAL_FMC_MspInit	32	static
stm32f7xx_hal_msp.c:619:6:HAL_SDRAM_MspInit	16	static
stm32f7xx_hal_msp.c:631:13:HAL_FMC_MspDeInit	8	static
stm32f7xx_hal_msp.c:705:6:HAL_SDRAM_MspDeInit	16	static
